Archive member included to satisfy reference by file (symbol)

/home/eli/geodash-psx/psyq/lib/libetc.a(vsync.o)
                              src/*.o (VSync)
/home/eli/geodash-psx/psyq/lib/libetc.a(intr_vb.o)
                              /home/eli/geodash-psx/psyq/lib/libetc.a(vsync.o) (Vcount)
/home/eli/geodash-psx/psyq/lib/libetc.a(intr.o)
                              /home/eli/geodash-psx/psyq/lib/libetc.a(intr_vb.o) (InterruptCallback)
/home/eli/geodash-psx/psyq/lib/libetc.a(intr_dma.o)
                              /home/eli/geodash-psx/psyq/lib/libetc.a(intr.o) (startIntrDMA)
/home/eli/geodash-psx/psyq/lib/libgpu.a(e03.o)
                              src/*.o (SetDefDrawEnv)
/home/eli/geodash-psx/psyq/lib/libgpu.a(e04.o)
                              src/*.o (SetDefDispEnv)
/home/eli/geodash-psx/psyq/lib/libgpu.a(sys.o)
                              src/*.o (ResetGraph)
/home/eli/geodash-psx/psyq/lib/libcd.a(event.o)
                              src/*.o (CdInit)
/home/eli/geodash-psx/psyq/lib/libcd.a(bios_1.o)
                              /home/eli/geodash-psx/psyq/lib/libcd.a(event.o) (CD_cbready)
/home/eli/geodash-psx/psyq/lib/libapi.a(a07.o)
                              /home/eli/geodash-psx/psyq/lib/libcd.a(event.o) (DeliverEvent)
/home/eli/geodash-psx/psyq/lib/libapi.a(a23.o)
                              /home/eli/geodash-psx/psyq/lib/libetc.a(intr.o) (ReturnFromException)
/home/eli/geodash-psx/psyq/lib/libapi.a(a24.o)
                              /home/eli/geodash-psx/psyq/lib/libetc.a(intr.o) (ResetEntryInt)
/home/eli/geodash-psx/psyq/lib/libapi.a(a25.o)
                              /home/eli/geodash-psx/psyq/lib/libetc.a(intr.o) (HookEntryInt)
/home/eli/geodash-psx/psyq/lib/libapi.a(a36.o)
                              /home/eli/geodash-psx/psyq/lib/libetc.a(intr.o) (EnterCriticalSection)
/home/eli/geodash-psx/psyq/lib/libapi.a(a37.o)
                              /home/eli/geodash-psx/psyq/lib/libetc.a(intr.o) (ExitCriticalSection)
/home/eli/geodash-psx/psyq/lib/libapi.a(a91.o)
                              /home/eli/geodash-psx/psyq/lib/libetc.a(vsync.o) (ChangeClearPAD)
/home/eli/geodash-psx/psyq/lib/libapi.a(c114.o)
                              /home/eli/geodash-psx/psyq/lib/libetc.a(intr.o) (_96_remove)
/home/eli/geodash-psx/psyq/lib/libapi.a(c73.o)
                              /home/eli/geodash-psx/psyq/lib/libgpu.a(sys.o) (GPU_cw)
/home/eli/geodash-psx/psyq/lib/libapi.a(l10.o)
                              /home/eli/geodash-psx/psyq/lib/libetc.a(vsync.o) (ChangeClearRCnt)
/home/eli/geodash-psx/psyq/lib/libc.a(a63.o)
                              /home/eli/geodash-psx/psyq/lib/libetc.a(vsync.o) (puts)
/home/eli/geodash-psx/psyq/lib/libc.a(c19.o)
                              /home/eli/geodash-psx/psyq/lib/libetc.a(intr.o) (setjmp)
/home/eli/geodash-psx/psyq/lib/libc.a(c42.o)
                              /home/eli/geodash-psx/psyq/lib/libgpu.a(sys.o) (memcpy)
/home/eli/geodash-psx/psyq/lib/libc.a(c63.o)
                              /home/eli/geodash-psx/psyq/lib/libetc.a(intr.o) (printf)
/home/eli/geodash-psx/psyq/lib/libetc.a(vmode.o)
                              /home/eli/geodash-psx/psyq/lib/libgpu.a(e03.o) (GetVideoMode)

Discarded input sections

 .text          0x00000000        0x0 src/*.o
 .bss           0x00000000        0x0 src/*.o
 .MIPS.abiflags
                0x00000000       0x18 src/*.o
 .pdr           0x00000000       0x60 src/*.o
 .text          0x00000000        0x0 /home/eli/geodash-psx/thirdparty/nugget/common/crt0/crt0.o
 .bss           0x00000000        0x0 /home/eli/geodash-psx/thirdparty/nugget/common/crt0/crt0.o
 .reginfo       0x00000000       0x18 /home/eli/geodash-psx/thirdparty/nugget/common/crt0/crt0.o
 .MIPS.abiflags
                0x00000000       0x18 /home/eli/geodash-psx/thirdparty/nugget/common/crt0/crt0.o
 .text          0x00000000        0x0 /home/eli/geodash-psx/thirdparty/nugget/common/syscalls/printf.o
 .bss           0x00000000        0x0 /home/eli/geodash-psx/thirdparty/nugget/common/syscalls/printf.o
 .reginfo       0x00000000       0x18 /home/eli/geodash-psx/thirdparty/nugget/common/syscalls/printf.o
 .MIPS.abiflags
                0x00000000       0x18 /home/eli/geodash-psx/thirdparty/nugget/common/syscalls/printf.o
 .ramtext       0x00000000        0xc /home/eli/geodash-psx/thirdparty/nugget/common/syscalls/printf.o

Memory Configuration

Name             Origin             Length             Attributes
loader           0x8000f800         0x00000800
ram              0x80010000         0x001f0000         xrw
dcache           0x1f800000         0x00000400
*default*        0x00000000         0xffffffff

Linker script and memory map

LOAD src/*.o
LOAD /home/eli/geodash-psx/thirdparty/nugget/common/crt0/crt0.o
LOAD /home/eli/geodash-psx/thirdparty/nugget/common/syscalls/printf.o
START GROUP
LOAD /home/eli/geodash-psx/psyq/lib/libapi.a
LOAD /home/eli/geodash-psx/psyq/lib/libc.a
LOAD /home/eli/geodash-psx/psyq/lib/libc2.a
LOAD /home/eli/geodash-psx/psyq/lib/libcard.a
LOAD /home/eli/geodash-psx/psyq/lib/libcomb.a
LOAD /home/eli/geodash-psx/psyq/lib/libds.a
LOAD /home/eli/geodash-psx/psyq/lib/libetc.a
LOAD /home/eli/geodash-psx/psyq/lib/libgpu.a
LOAD /home/eli/geodash-psx/psyq/lib/libgs.a
LOAD /home/eli/geodash-psx/psyq/lib/libgte.a
LOAD /home/eli/geodash-psx/psyq/lib/libgun.a
LOAD /home/eli/geodash-psx/psyq/lib/libhmd.a
LOAD /home/eli/geodash-psx/psyq/lib/libmath.a
LOAD /home/eli/geodash-psx/psyq/lib/libmcrd.a
LOAD /home/eli/geodash-psx/psyq/lib/libmcx.a
LOAD /home/eli/geodash-psx/psyq/lib/libpad.a
LOAD /home/eli/geodash-psx/psyq/lib/libpress.a
LOAD /home/eli/geodash-psx/psyq/lib/libsio.a
LOAD /home/eli/geodash-psx/psyq/lib/libsnd.a
LOAD /home/eli/geodash-psx/psyq/lib/libspu.a
LOAD /home/eli/geodash-psx/psyq/lib/libtap.a
LOAD /home/eli/geodash-psx/psyq/lib/libcd.a
END GROUP
                0x8001916c                        __heap_base = __bss_end
                0x80010000                        TLOAD_ADDR = DEFINED (TLOAD_ADDR)?TLOAD_ADDR:0x80010000
                0x80200000                        __ram_top = (ORIGIN (ram) + LENGTH (ram))
                0x801fff00                        __sp = (__ram_top - 0x100)
                0x1f800000                        __dcache = ORIGIN (dcache)
                0x1f800400                        __dcache_top = (ORIGIN (dcache) + LENGTH (dcache))
                0x0000196c                        __bss_len = (__bss_end - __bss_start)
                0x00005660                        __ftext_len = (__ftext_end - __ftext_start)
                0x000021a0                        __fdata_len = (__fdata_end - __fdata_start)
                0x80200000                        __stack_start = (ORIGIN (ram) + LENGTH (ram))

.PSX_EXE_Header
                0x8000f800      0x800
                0x8000f800        0x1 BYTE 0x50
                0x8000f801        0x1 BYTE 0x53
                0x8000f802        0x1 BYTE 0x2d
                0x8000f803        0x1 BYTE 0x58
                0x8000f804        0x1 BYTE 0x20
                0x8000f805        0x1 BYTE 0x45
                0x8000f806        0x1 BYTE 0x58
                0x8000f807        0x1 BYTE 0x45
                0x8000f808        0x4 LONG 0x0
                0x8000f80c        0x4 LONG 0x0
                0x8000f810        0x4 LONG 0x80010000 ABSOLUTE (_start)
                0x8000f814        0x4 LONG 0x0
                0x8000f818        0x4 LONG 0x80010000 TLOAD_ADDR
                0x8000f81c        0x4 LONG 0x7800 (__ftext_len + __fdata_len)
                0x8000f820        0x4 LONG 0x0
                0x8000f824        0x4 LONG 0x0
                0x8000f828        0x4 LONG 0x0
                0x8000f82c        0x4 LONG 0x0
                0x8000f830        0x4 LONG 0x801fff00 DEFINED (_sp)?ABSOLUTE (_sp):0x801fff00
                0x8000f834        0x4 LONG 0x0
                0x80010000                        . = (. + 0x7c8)
 *fill*         0x8000f838      0x7c8 
                0x80010000                        __ftext_start = ABSOLUTE (.)

.text           0x80010000     0x5660
 *(.start)
 .start         0x80010000       0x64 /home/eli/geodash-psx/thirdparty/nugget/common/crt0/crt0.o
                0x80010000                _start
 *(.init)
 *(SORT_NONE(.fini))
 *(.text.unlikely .text.*_unlikely .text.unlikely.*)
 *(.text.exit .text.exit.*)
 *(.text.startup .text.startup.*)
 .text.startup.main
                0x80010064       0x20 src/*.o
                0x80010064                main
 *(.text.hot .text.hot.*)
 *(.text .stub .text.* .gnu.linkonce.t.*)
 .text.display  0x80010084       0x7c src/*.o
                0x80010084                display
 .text.init     0x80010100       0xcc src/*.o
                0x80010100                init
 *fill*         0x800101cc        0x4 
 .text          0x800101d0      0x210 /home/eli/geodash-psx/psyq/lib/libetc.a(vsync.o)
                0x800101d0                VSync
 .text          0x800103e0      0x120 /home/eli/geodash-psx/psyq/lib/libetc.a(intr_vb.o)
                0x800103e0                startIntrVSync
 .text          0x80010500      0x6c0 /home/eli/geodash-psx/psyq/lib/libetc.a(intr.o)
                0x80010500                ResetCallback
                0x80010530                InterruptCallback
                0x80010560                DMACallback
                0x80010590                VSyncCallback
                0x800105c4                VSyncCallbacks
                0x800105f4                StopCallback
                0x80010624                RestartCallback
                0x80010654                CheckCallback
                0x80010664                GetIntrMask
                0x8001067c                SetIntrMask
 .text          0x80010bc0      0x2a0 /home/eli/geodash-psx/psyq/lib/libetc.a(intr_dma.o)
                0x80010bc0                startIntrDMA
 .text          0x80010e60       0xc0 /home/eli/geodash-psx/psyq/lib/libgpu.a(e03.o)
                0x80010e60                SetDefDrawEnv
 .text          0x80010f20       0x40 /home/eli/geodash-psx/psyq/lib/libgpu.a(e04.o)
                0x80010f20                SetDefDispEnv
 .text          0x80010f60     0x2f00 /home/eli/geodash-psx/psyq/lib/libgpu.a(sys.o)
                0x80010f60                ResetGraph
                0x800110d4                SetGraphDebug
                0x80011130                SetGraphQueue
                0x800111d4                GetGraphDebug
                0x800111e4                DrawSyncCallback
                0x80011244                SetDispMask
                0x800112dc                DrawSync
                0x80011460                ClearImage
                0x800114f0                ClearImage2
                0x80011588                LoadImage
                0x800115e8                StoreImage
                0x80011648                MoveImage
                0x80011700                ClearOTag
                0x800117c8                ClearOTagR
                0x80011874                DrawPrim
                0x800118d0                DrawOTag
                0x80011940                PutDrawEnv
                0x80011a00                DrawOTagEnv
                0x80011ad8                GetDrawEnv
                0x80011b0c                PutDispEnv
                0x80012004                GetDispEnv
                0x80012038                GetODE
                0x80012068                SetDrawArea
                0x800120e8                SetDrawOffset
                0x80012128                SetDrawEnv
                0x800139f8                LoadImage2
                0x80013ae4                StoreImage2
                0x80013bd0                MoveImage2
                0x80013d14                DrawOTag2
                0x80013e10                _GPU_ResetCallback
 .text          0x80013e60      0x150 /home/eli/geodash-psx/psyq/lib/libcd.a(event.o)
                0x80013e60                CdInit
 .text          0x80013fb0     0x1580 /home/eli/geodash-psx/psyq/lib/libcd.a(bios_1.o)
                0x80014514                CD_sync
                0x80014794                CD_ready
                0x80014a5c                CD_cw
                0x80014e68                CD_vol
                0x80014ef0                CD_flush
                0x80014fc4                CD_initvol
                0x800150b4                CD_initintr
                0x80015100                CD_init
                0x800152e0                CD_datasync
                0x80015448                CD_set_test_parmnum
 .text          0x80015530       0x10 /home/eli/geodash-psx/psyq/lib/libapi.a(a07.o)
                0x80015530                DeliverEvent
 .text          0x80015540       0x10 /home/eli/geodash-psx/psyq/lib/libapi.a(a23.o)
                0x80015540                ReturnFromException
 .text          0x80015550       0x10 /home/eli/geodash-psx/psyq/lib/libapi.a(a24.o)
                0x80015550                ResetEntryInt
 .text          0x80015560       0x10 /home/eli/geodash-psx/psyq/lib/libapi.a(a25.o)
                0x80015560                HookEntryInt
 .text          0x80015570       0x10 /home/eli/geodash-psx/psyq/lib/libapi.a(a36.o)
                0x80015570                EnterCriticalSection
 .text          0x80015580       0x10 /home/eli/geodash-psx/psyq/lib/libapi.a(a37.o)
                0x80015580                ExitCriticalSection
 .text          0x80015590       0x10 /home/eli/geodash-psx/psyq/lib/libapi.a(a91.o)
                0x80015590                ChangeClearPAD
 .text          0x800155a0       0x20 /home/eli/geodash-psx/psyq/lib/libapi.a(c114.o)
                0x800155a8                _96_remove
 .text          0x800155c0       0x10 /home/eli/geodash-psx/psyq/lib/libapi.a(c73.o)
                0x800155c0                GPU_cw
 .text          0x800155d0       0x10 /home/eli/geodash-psx/psyq/lib/libapi.a(l10.o)
                0x800155d0                ChangeClearRCnt
 .text          0x800155e0       0x20 /home/eli/geodash-psx/psyq/lib/libc.a(a63.o)
                0x800155e8                puts
 .text          0x80015600       0x10 /home/eli/geodash-psx/psyq/lib/libc.a(c19.o)
                0x80015600                setjmp
 .text          0x80015610       0x10 /home/eli/geodash-psx/psyq/lib/libc.a(c42.o)
                0x80015610                memcpy
 .text          0x80015620       0x10 /home/eli/geodash-psx/psyq/lib/libc.a(c63.o)
                0x80015620                printf
 .text          0x80015630       0x30 /home/eli/geodash-psx/psyq/lib/libetc.a(vmode.o)
                0x80015630                SetVideoMode
                0x80015644                GetVideoMode
                0x80015660                        . = ALIGN (0x10)
 *(.init)
                0x80015660                        . = ALIGN (0x10)
 *(.fini)
                0x80015660                        . = ALIGN (0x10)
                0x80015660                        __text_end = .
                0x80015660                        __ftext_end = ABSOLUTE (.)
                0x80015660                        __fdata_start = ABSOLUTE (.)

.rodata         0x80015660      0x560
 *(.rodata .rodata.* .rdata .rdata.* .gnu.linkonce.r.*)
 .rodata        0x80015660       0x10 /home/eli/geodash-psx/thirdparty/nugget/common/crt0/crt0.o
 .rdata         0x80015670       0x10 /home/eli/geodash-psx/psyq/lib/libetc.a(vsync.o)
 .rdata         0x80015680       0x70 /home/eli/geodash-psx/psyq/lib/libetc.a(intr.o)
 .rdata         0x800156f0       0x30 /home/eli/geodash-psx/psyq/lib/libetc.a(intr_dma.o)
 .rdata         0x80015720      0x220 /home/eli/geodash-psx/psyq/lib/libgpu.a(sys.o)
 .rdata         0x80015940       0x20 /home/eli/geodash-psx/psyq/lib/libcd.a(event.o)
 .rdata         0x80015960      0x260 /home/eli/geodash-psx/psyq/lib/libcd.a(bios_1.o)
                0x80015bc0                        . = ALIGN (0x10)
                0x80015bc0                        __preinit_array_start = .
 *(.preinit_array)
                0x80015bc0                        __preinit_array_end = .
                0x80015bc0                        . = ALIGN (0x10)
                0x80015bc0                        __init_array_start = .
 *(SORT_BY_NAME(.init_array.*))
 *(.init_array)
                0x80015bc0                        . = ALIGN (0x10)
 *crtbegin.o(.ctors)
 *(EXCLUDE_FILE(*crtend.o) .ctors)
 *(SORT_BY_NAME(.ctors.*))
 *crtend.o(.ctors)
                0x80015bc0                        __init_array_end = .
                0x80015bc0                        . = ALIGN (0x10)
                0x80015bc0                        __fini_array_start = .
 *(.fini_array)
 *(SORT_BY_NAME(.fini_array.*))
 *crtbegin.o(.dtors)
 *(EXCLUDE_FILE(*crtend.o) .dtors)
 *(SORT_BY_NAME(.dtors.*))
 *crtend.o(.dtors)
                0x80015bc0                        __fini_array_end = .
                0x80015bc0                        __build_id = .
 *(.note.gnu.build-id)
                0x80015bc0                        __build_id_end = .

.rel.dyn        0x80015bc0        0x0
 .rel.dyn       0x80015bc0        0x0 /home/eli/geodash-psx/psyq/lib/libgpu.a(sys.o)

.rodata1
 *(.rodata1)
                0x80015bc0                        __data_start = .

.data           0x80015bc0     0x1c40
 *(.data .data.* .gnu.linkonce.d.*)
 .data          0x80015bc0        0x0 src/*.o
 .data          0x80015bc0        0x0 /home/eli/geodash-psx/thirdparty/nugget/common/crt0/crt0.o
 .data          0x80015bc0        0x0 /home/eli/geodash-psx/thirdparty/nugget/common/syscalls/printf.o
 .data          0x80015bc0       0x20 /home/eli/geodash-psx/psyq/lib/libetc.a(vsync.o)
                0x80015bd0                Hcount
 .data          0x80015be0       0x30 /home/eli/geodash-psx/psyq/lib/libetc.a(intr_vb.o)
                0x80015c00                Vcount
 .data          0x80015c10     0x1100 /home/eli/geodash-psx/psyq/lib/libetc.a(intr.o)
 .data          0x80016d10       0x30 /home/eli/geodash-psx/psyq/lib/libetc.a(intr_dma.o)
 .data          0x80016d40      0x1a0 /home/eli/geodash-psx/psyq/lib/libgpu.a(sys.o)
                0x80016d8c                GPU_printf
                0x80016d90                GEnv
                0x80016eb8                _qin
                0x80016ebc                _qout
 .data          0x80016ee0       0x10 /home/eli/geodash-psx/psyq/lib/libcd.a(event.o)
                0x80016ee0                CD_cbread
                0x80016ee4                CD_read_dma_mode
 .data          0x80016ef0      0x310 /home/eli/geodash-psx/psyq/lib/libcd.a(bios_1.o)
                0x80016ef8                CD_cbsync
                0x80016efc                CD_cbready
                0x80016f00                CD_debug
                0x80016f04                CD_status
                0x80016f08                CD_status1
                0x80016f0c                CD_nopen
                0x80016f10                CD_pos
                0x80016f14                CD_mode
                0x80016f15                CD_com
                0x80016f18                DS_active
                0x80016f1c                CD_comstr
                0x80016f9c                CD_intstr
 .data          0x80017200       0x10 /home/eli/geodash-psx/psyq/lib/libetc.a(vmode.o)
 *(.data1)
 *(.sdata .sdata.* .gnu.linkonce.s.*)
 *(.sdata2 .sdata2.* .gnu.linkonce.s2.*)
 *(.got.plt)
 *(.got)
                0x80017800                        . = ALIGN (0x800)
 *fill*         0x80017210      0x5f0 50414444
                0x80017800                        __data_end = .
                0x80017800                        __fdata_end = .
                0x80017800                        __bss_start = .

.sbss           0x80017800     0x196c
 *(.dynsbss)
 *(.sbss .sbss.* .gnu.linkonce.sb.*)
 .sbss.db       0x80017800        0x4 src/*.o
                0x80017800                db
 *(.scommon)
 *(.dynbss)
 *(.bss .bss.* .gnu.linkonce.b.*)
 .bss.draw      0x80017804       0xb8 src/*.o
                0x80017804                draw
 .bss.disp      0x800178bc       0x28 src/*.o
                0x800178bc                disp
 *fill*         0x800178e4        0x4 
 .bss           0x800178e8     0x1850 /home/eli/geodash-psx/psyq/lib/libgpu.a(sys.o)
                0x80017938                _que
 .bss           0x80019138       0x34 /home/eli/geodash-psx/psyq/lib/libcd.a(bios_1.o)
                0x80019168                StMode
 *(COMMON)
                0x8001916c                        . = ALIGN (0x4)
                0x8001916c                        __bss_end = .
                0x8001916c                        __heap_start = __heap_base
                0x8000f800                        . = (ADDR (.text) - 0x800)
                0x8000f800                        __end = .

/DISCARD/
 *(.MIPS.abiflags)

/DISCARD/
 *(.rel.iplt)
 *(.rela.iplt)
 *(.rel.plt)
 *(.rela.plt)
 *(.plt)
 *(.iplt)

/DISCARD/
 *(.note.GNU-stack)
 *(.gnu_debuglink)
 *(.gnu.lto_*)

.scratchpad
 *(.scratchpad)
OUTPUT(bin/prog.elf elf32-littlemips)

.reginfo        0x00000000       0x18
 .reginfo       0x00000000       0x18 src/*.o

.mdebug.abi32   0x00000000        0x0
 .mdebug.abi32  0x00000000        0x0 src/*.o

.comment        0x00000000       0x12
 .comment       0x00000000       0x12 src/*.o
                                 0x13 (size before relaxing)

.gnu.attributes
                0x00000000       0x10
 .gnu.attributes
                0x00000000       0x10 src/*.o
 .gnu.attributes
                0x00000010       0x10 /home/eli/geodash-psx/thirdparty/nugget/common/crt0/crt0.o
 .gnu.attributes
                0x00000020       0x10 /home/eli/geodash-psx/thirdparty/nugget/common/syscalls/printf.o

.pdr            0x00000000        0x0
 .pdr           0x00000000        0x0 /home/eli/geodash-psx/thirdparty/nugget/common/crt0/crt0.o
 .pdr           0x00000000        0x0 /home/eli/geodash-psx/thirdparty/nugget/common/syscalls/printf.o

.note           0x00000000      0xae0
 .note          0x00000000       0x74 /home/eli/geodash-psx/psyq/lib/libetc.a(vsync.o)
 .note          0x00000074       0x74 /home/eli/geodash-psx/psyq/lib/libetc.a(intr_vb.o)
 .note          0x000000e8       0x74 /home/eli/geodash-psx/psyq/lib/libetc.a(intr.o)
 .note          0x0000015c       0x74 /home/eli/geodash-psx/psyq/lib/libetc.a(intr_dma.o)
 .note          0x000001d0       0x74 /home/eli/geodash-psx/psyq/lib/libgpu.a(e03.o)
 .note          0x00000244       0x74 /home/eli/geodash-psx/psyq/lib/libgpu.a(e04.o)
 .note          0x000002b8       0x74 /home/eli/geodash-psx/psyq/lib/libgpu.a(sys.o)
 .note          0x0000032c       0x74 /home/eli/geodash-psx/psyq/lib/libcd.a(event.o)
 .note          0x000003a0       0x74 /home/eli/geodash-psx/psyq/lib/libcd.a(bios_1.o)
 .note          0x00000414       0x74 /home/eli/geodash-psx/psyq/lib/libapi.a(a07.o)
 .note          0x00000488       0x74 /home/eli/geodash-psx/psyq/lib/libapi.a(a23.o)
 .note          0x000004fc       0x74 /home/eli/geodash-psx/psyq/lib/libapi.a(a24.o)
 .note          0x00000570       0x74 /home/eli/geodash-psx/psyq/lib/libapi.a(a25.o)
 .note          0x000005e4       0x74 /home/eli/geodash-psx/psyq/lib/libapi.a(a36.o)
 .note          0x00000658       0x74 /home/eli/geodash-psx/psyq/lib/libapi.a(a37.o)
 .note          0x000006cc       0x74 /home/eli/geodash-psx/psyq/lib/libapi.a(a91.o)
 .note          0x00000740       0x74 /home/eli/geodash-psx/psyq/lib/libapi.a(c114.o)
 .note          0x000007b4       0x74 /home/eli/geodash-psx/psyq/lib/libapi.a(c73.o)
 .note          0x00000828       0x74 /home/eli/geodash-psx/psyq/lib/libapi.a(l10.o)
 .note          0x0000089c       0x74 /home/eli/geodash-psx/psyq/lib/libc.a(a63.o)
 .note          0x00000910       0x74 /home/eli/geodash-psx/psyq/lib/libc.a(c19.o)
 .note          0x00000984       0x74 /home/eli/geodash-psx/psyq/lib/libc.a(c42.o)
 .note          0x000009f8       0x74 /home/eli/geodash-psx/psyq/lib/libc.a(c63.o)
 .note          0x00000a6c       0x74 /home/eli/geodash-psx/psyq/lib/libetc.a(vmode.o)

.debug_info     0x00000000      0x536
 .debug_info    0x00000000      0x4ee src/*.o
 .debug_info    0x000004ee       0x24 /home/eli/geodash-psx/thirdparty/nugget/common/crt0/crt0.o
 .debug_info    0x00000512       0x24 /home/eli/geodash-psx/thirdparty/nugget/common/syscalls/printf.o

.debug_abbrev   0x00000000      0x1c0
 .debug_abbrev  0x00000000      0x198 src/*.o
 .debug_abbrev  0x00000198       0x14 /home/eli/geodash-psx/thirdparty/nugget/common/crt0/crt0.o
 .debug_abbrev  0x000001ac       0x14 /home/eli/geodash-psx/thirdparty/nugget/common/syscalls/printf.o

.debug_aranges  0x00000000       0x70
 .debug_aranges
                0x00000000       0x30 src/*.o
 .debug_aranges
                0x00000030       0x20 /home/eli/geodash-psx/thirdparty/nugget/common/crt0/crt0.o
 .debug_aranges
                0x00000050       0x20 /home/eli/geodash-psx/thirdparty/nugget/common/syscalls/printf.o

.debug_rnglists
                0x00000000       0x20
 .debug_rnglists
                0x00000000       0x20 src/*.o

.debug_line     0x00000000      0x206
 .debug_line    0x00000000      0x160 src/*.o
 .debug_line    0x00000160       0x5b /home/eli/geodash-psx/thirdparty/nugget/common/crt0/crt0.o
 .debug_line    0x000001bb       0x4b /home/eli/geodash-psx/thirdparty/nugget/common/syscalls/printf.o

.debug_str      0x00000000      0x2cf
 .debug_str     0x00000000      0x2cf src/*.o
                                0x259 (size before relaxing)
 .debug_str     0x000002cf       0x5d /home/eli/geodash-psx/thirdparty/nugget/common/crt0/crt0.o
 .debug_str     0x000002cf       0x63 /home/eli/geodash-psx/thirdparty/nugget/common/syscalls/printf.o

.debug_frame    0x00000000       0x70
 .debug_frame   0x00000000       0x70 src/*.o

.debug_line_str
                0x00000000       0x92
 .debug_line_str
                0x00000000       0x92 /home/eli/geodash-psx/thirdparty/nugget/common/crt0/crt0.o
                                 0x51 (size before relaxing)
 .debug_line_str
                0x00000092       0x57 /home/eli/geodash-psx/thirdparty/nugget/common/syscalls/printf.o
